// Jest Snapshot v1, https://goo.gl/fbAQLP

exports[`ShipmentStatusOverview snapshot 1`] = `
<div>
  <div
    class="css-1d6dqeu-OverviewContainer ecukxon0"
  >
    <div
      class="css-178mkk4-LocationContainer e17eqbe40"
    >
      <svg
        aria-hidden="true"
        class="MuiSvgIcon-root MuiSvgIcon-colorPrimary"
        focusable="false"
        role="presentation"
        viewBox="0 0 24 24"
      >
        <path
          d="M15 11V5l-3-3-3 3v2H3v14h18V11h-6zm-8 8H5v-2h2v2zm0-4H5v-2h2v2zm0-4H5V9h2v2zm6 8h-2v-2h2v2zm0-4h-2v-2h2v2zm0-4h-2V9h2v2zm0-4h-2V5h2v2zm6 12h-2v-2h2v2zm0-4h-2v-2h2v2z"
        />
        <path
          d="M0 0h24v24H0z"
          fill="none"
        />
      </svg>
      <p
        class="MuiTypography-root css-i8g5x1-PlaceName e17eqbe41 MuiTypography-body2 MuiTypography-noWrap"
        data-testid="place-name"
        style="left: 0px;"
      >
        Shanghai Port
      </p>
    </div>
    <div
      class="css-ukvtdo-Temp ecukxon1"
    >
      <div
        aria-valuenow="50"
        class="MuiLinearProgress-root MuiLinearProgress-colorPrimary MuiLinearProgress-determinate"
        role="progressbar"
        style="margin: 0px 10px;"
      >
        <div
          class="MuiLinearProgress-bar MuiLinearProgress-barColorPrimary MuiLinearProgress-bar1Determinate"
          style="transform: translateX(-50%);"
        />
      </div>
    </div>
    <div
      class="css-178mkk4-LocationContainer e17eqbe40"
    >
      <svg
        aria-hidden="true"
        class="MuiSvgIcon-root"
        focusable="false"
        role="presentation"
        viewBox="0 0 24 24"
      >
        <path
          d="M15 11V5l-3-3-3 3v2H3v14h18V11h-6zm-8 8H5v-2h2v2zm0-4H5v-2h2v2zm0-4H5V9h2v2zm6 8h-2v-2h2v2zm0-4h-2v-2h2v2zm0-4h-2V9h2v2zm0-4h-2V5h2v2zm6 12h-2v-2h2v2zm0-4h-2v-2h2v2z"
        />
        <path
          d="M0 0h24v24H0z"
          fill="none"
        />
      </svg>
      <p
        class="MuiTypography-root css-i8g5x1-PlaceName e17eqbe41 MuiTypography-body2 MuiTypography-noWrap"
        data-testid="place-name"
        style="right: 0px;"
      >
        Saarbr√ºcker Str. 38, 10405 Berlin
      </p>
    </div>
  </div>
</div>
`;
