// Jest Snapshot v1, https://goo.gl/fbAQLP

exports[`TransportMode snapshot 1`] = `
<div>
  <div
    class="css-1gzjc7l-OverviewContainer eu79uap0"
  >
    <div
      class="css-1nd1wvf-ElementContainer eu79uap1"
    >
      <div
        class="css-b182ra-CopyContainer eu79uap2"
      >
        <p
          class="MuiTypography-root css-1polke6-Copy eu79uap3 MuiTypography-body1"
        >
          Shanghai Port
        </p>
      </div>
    </div>
    <svg
      aria-hidden="true"
      class="MuiSvgIcon-root"
      focusable="false"
      role="presentation"
      viewBox="0 0 24 24"
    >
      <path
        d="M5.88 4.12L13.76 12l-7.88 7.88L8 22l10-10L8 2z"
      />
      <path
        d="M0 0h24v24H0z"
        fill="none"
      />
    </svg>
    <div
      class="css-1nd1wvf-ElementContainer eu79uap1"
    >
      <ul
        class="css-xy20c4-CargoList eu79uap4"
      >
        <li
          class="css-bru13b-CargoElement eu79uap5"
        >
          <p
            class="MuiTypography-root MuiTypography-body2"
          >
            1000 Blue T-shirts - 2vol
          </p>
        </li>
        <li
          class="css-bru13b-CargoElement eu79uap5"
        >
          <p
            class="MuiTypography-root MuiTypography-body2"
          >
            2000 Green T-shirts - 3vol
          </p>
        </li>
      </ul>
    </div>
    <svg
      aria-hidden="true"
      class="MuiSvgIcon-root"
      focusable="false"
      role="presentation"
      viewBox="0 0 24 24"
    >
      <path
        d="M5.88 4.12L13.76 12l-7.88 7.88L8 22l10-10L8 2z"
      />
      <path
        d="M0 0h24v24H0z"
        fill="none"
      />
    </svg>
    <div
      class="css-1nd1wvf-ElementContainer eu79uap1"
    >
      <div
        class="css-b182ra-CopyContainer eu79uap2"
      >
        <p
          class="MuiTypography-root css-1polke6-Copy eu79uap3 MuiTypography-body1"
        >
          Saarbr√ºcker Str. 38, 10405 Berlin
        </p>
      </div>
    </div>
  </div>
</div>
`;
