// Jest Snapshot v1, https://goo.gl/fbAQLP

exports[`feature: \`shipments\` reducer initial state should match a snapshot 1`] = `Array []`;
