// Jest Snapshot v1, https://goo.gl/fbAQLP

exports[`SearchField snapshot 1`] = `
<div>
  <div
    class="MuiFormControl-root MuiTextField-root"
  >
    <label
      class="MuiFormLabel-root MuiInputLabel-root MuiInputLabel-formControl MuiInputLabel-animated"
      data-shrink="false"
      for="search"
    >
      Search
    </label>
    <div
      class="MuiInputBase-root MuiInput-root MuiInput-underline MuiInputBase-formControl MuiInput-formControl MuiInputBase-adornedEnd"
    >
      <input
        aria-invalid="false"
        class="MuiInputBase-input MuiInput-input MuiInputBase-inputAdornedEnd"
        id="search"
        placeholder="Search"
        type="text"
        value=""
      />
      <div
        class="MuiInputAdornment-root MuiInputAdornment-positionEnd"
      >
        <button
          aria-label="search"
          class="MuiButtonBase-root MuiIconButton-root MuiIconButton-edgeEnd"
          tabindex="0"
          type="button"
        >
          <span
            class="MuiIconButton-label"
          >
            <svg
              aria-hidden="true"
              class="MuiSvgIcon-root"
              focusable="false"
              role="presentation"
              viewBox="0 0 24 24"
            >
              <path
                d="M15.5 14h-.79l-.28-.27C15.41 12.59 16 11.11 16 9.5 16 5.91 13.09 3 9.5 3S3 5.91 3 9.5 5.91 16 9.5 16c1.61 0 3.09-.59 4.23-1.57l.27.28v.79l5 4.99L20.49 19l-4.99-5zm-6 0C7.01 14 5 11.99 5 9.5S7.01 5 9.5 5 14 7.01 14 9.5 11.99 14 9.5 14z"
              />
              <path
                d="M0 0h24v24H0z"
                fill="none"
              />
            </svg>
          </span>
          <span
            class="MuiTouchRipple-root"
          />
        </button>
      </div>
    </div>
  </div>
</div>
`;
